##### 04:13:18 フェーズ2: 3ディレクトリ作成 + exact install
===== ts59 (typescript@5.9.3) =====

added 3 packages in 3s
exit=0
===== ts60 (typescript@6.0.3) =====

added 3 packages in 2s
exit=0
===== ts70 (typescript@7.0.2) =====

added 4 packages in 3s
exit=0
##### 04:13:41 版ゲート
===== ts59 expect 5.9.3 =====
Version 5.9.3
GATE OK: ts59
--- npm ls --depth=0 ---
ts59@1.0.0 /Users/katayamaryuunosuke/workspace/024_zenn/logs/run-typescript7-tsconfig-defaults-20260727-0411/workspace/ts59
+-- @types/node@22.18.13
`-- typescript@5.9.3

--- ls -l node_modules/.bin/ ---
total 0
lrwxr-xr-x@ 1 katayamaryuunosuke  staff  21 Jul 27 04:13 tsc -> ../typescript/bin/tsc
lrwxr-xr-x@ 1 katayamaryuunosuke  staff  26 Jul 27 04:13 tsserver -> ../typescript/bin/tsserver
===== ts60 expect 6.0.3 =====
Version 6.0.3
GATE OK: ts60
--- npm ls --depth=0 ---
ts60@1.0.0 /Users/katayamaryuunosuke/workspace/024_zenn/logs/run-typescript7-tsconfig-defaults-20260727-0411/workspace/ts60
+-- @types/node@22.18.13
`-- typescript@6.0.3

--- ls -l node_modules/.bin/ ---
total 0
lrwxr-xr-x@ 1 katayamaryuunosuke  staff  21 Jul 27 04:13 tsc -> ../typescript/bin/tsc
lrwxr-xr-x@ 1 katayamaryuunosuke  staff  26 Jul 27 04:13 tsserver -> ../typescript/bin/tsserver
===== ts70 expect 7.0.2 =====
Version 7.0.2
GATE OK: ts70
--- npm ls --depth=0 ---
ts70@1.0.0 /Users/katayamaryuunosuke/workspace/024_zenn/logs/run-typescript7-tsconfig-defaults-20260727-0411/workspace/ts70
+-- @types/node@22.18.13
`-- typescript@7.0.2

--- ls -l node_modules/.bin/ ---
total 0
lrwxr-xr-x@ 1 katayamaryuunosuke  staff  21 Jul 27 04:13 tsc -> ../typescript/bin/tsc
GATE_FAIL=0
############################## ts59 ##############################
--- meta ---
cmd: (cd ts59 && node node_modules/typescript/bin/tsc --noEmit )
exit=0
elapsed_ms=5336
error_lines=0
############################## ts60 ##############################
tsconfig.json(3,15): error TS5107: Option 'target=ES5' is deprecated and will stop functioning in TypeScript 7.0. Specify compilerOption '"ignoreDeprecations": "6.0"' to silence this error.
tsconfig.json(5,25): error TS5107: Option 'moduleResolution=node10' is deprecated and will stop functioning in TypeScript 7.0. Specify compilerOption '"ignoreDeprecations": "6.0"' to silence this error.
  Visit https://aka.ms/ts6 for migration information.
tsconfig.json(6,5): error TS5101: Option 'baseUrl' is deprecated and will stop functioning in TypeScript 7.0. Specify compilerOption '"ignoreDeprecations": "6.0"' to silence this error.
  Visit https://aka.ms/ts6 for migration information.
tsconfig.json(10,5): error TS5101: Option 'downlevelIteration' is deprecated and will stop functioning in TypeScript 7.0. Specify compilerOption '"ignoreDeprecations": "6.0"' to silence this error.
tsconfig.json(11,24): error TS5107: Option 'esModuleInterop=false' is deprecated and will stop functioning in TypeScript 7.0. Specify compilerOption '"ignoreDeprecations": "6.0"' to silence this error.
--- meta ---
cmd: (cd ts60 && node node_modules/typescript/bin/tsc --noEmit )
exit=2
elapsed_ms=1117
error_lines=5
############################## ts70 ##############################
tsconfig.json(3,15): error TS5108: Option 'target=ES5' has been removed. Please remove it from your configuration.
tsconfig.json(5,25): error TS5108: Option 'moduleResolution=node10' has been removed. Please remove it from your configuration.
tsconfig.json(6,5): error TS5102: Option 'baseUrl' has been removed. Please remove it from your configuration.
  Use '"paths": {"*": ["./*"]}' instead.
tsconfig.json(8,18): error TS5090: Non-relative paths are not allowed. Did you forget a leading './'?
tsconfig.json(10,5): error TS5102: Option 'downlevelIteration' has been removed. Please remove it from your configuration.
tsconfig.json(11,24): error TS5108: Option 'esModuleInterop=false' has been removed. Please remove it from your configuration.
--- meta ---
cmd: (cd ts70 && node node_modules/typescript/bin/tsc --noEmit )
exit=1
elapsed_ms=364
error_lines=6
