===== 04:14:02 Phase3-6a: pnpm11 lockfile determinism (reorder) =====
### run1 (original order) hash
041735468d7af7cc2a1a032bcf05e7dd692b9977d0ca8038f34c14b3e8ed8665  pnpm-lock.yaml
### reorder deps and clean reinstall
Scope: all 3 workspace projects
[WARN] There are cyclic workspace dependencies: /work/fixtures/pnpm12-five-diffs/packages/a, /work/fixtures/pnpm12-five-diffs/packages/b
Progress: resolved 1, reused 0, downloaded 0, added 0
Progress: resolved 1, reused 1, downloaded 0, added 0
Packages: +2
++
Packages are hard linked from the content-addressable store to the virtual store.
  Content-addressable store is at: /work/.pnpm-store/v11
  Virtual store is at:             node_modules/.pnpm
Progress: resolved 2, reused 2, downloaded 0, added 1, done

dependencies:
+ is-positive-https <- is-positive 3.1.0

devDependencies:
+ node 22.11.0

Done in 1.7s using pnpm v11.22.0
exit=0
### run2 (reordered) hash
1aa7d0aa01bf59c710785c8b6ef2094fc63e362667e15eb3d57b5315cff6e20d  pnpm-lock.yaml
### diff order1 vs order2
40c40
<     resolution: {gitHosted: true, integrity: sha512-ImoN9vdC+9CSDxbHJIcYwImhox3/lvLNqKpX5dNXT9O5Vawb+c4wddQ6KXq8FsFMm4WuSc3nxaWG2Q3iBRcFdA==, tarball: https://codeload.github.com/kevva/is-positive/tar.gz/97edff6f525f192a3f83cea1944765f769ae2678}
---
>     resolution: {gitHosted: true, tarball: https://codeload.github.com/kevva/is-positive/tar.gz/97edff6f525f192a3f83cea1944765f769ae2678}
diff-exit=1
### restore original order
===== 04:14:16 Phase3-6a2: pnpm11 warm-store rerun (original order) =====

devDependencies:
+ node 22.11.0

Done in 1.1s using pnpm v11.22.0
exit=0
### run1b (original order, warm store) hash
1aa7d0aa01bf59c710785c8b6ef2094fc63e362667e15eb3d57b5315cff6e20d  pnpm-lock.yaml
### diff order1-warm vs order2
diff-exit=0
