===== 04:15:28 Phase3-4: diff4a lockfile v11 vs v12 =====
$ time pnpm install   (pnpm 12.0.0-rc.5, clean)
Scope: all 3 workspace projects
Progress: resolved 1, reused 0, downloaded 0, added 0
Packages are hard linked from the content-addressable store to the virtual store.
  Content-addressable store is at: /work/.pnpm-store/v11
  Virtual store is at:             node_modules/.pnpm
Progress: resolved 2, reused 2, downloaded 0, added 2
Packages: +2
++
Progress: resolved 2, reused 2, downloaded 0, added 2, done

dependencies:
+ is-positive-https <- is-positive 3.1.0

devDependencies:
+ node 22.11.0

Done in 4.7s using pnpm v12.0.0-rc.5

real	0m4.756s
user	0m0.194s
sys	0m0.699s
exit=0

$ wc -l / sha256sum
179 pnpm-lock.yaml
041735468d7af7cc2a1a032bcf05e7dd692b9977d0ca8038f34c14b3e8ed8665  pnpm-lock.yaml

$ diff lock-v11.yaml lock-v12.yaml | wc -l
0

$ diff -u lock-v11.yaml lock-v12.yaml
diff-exit=0
