===== 04:16:50 Phase4-1: diff3 'pnpm add -g yarn' on 11 vs 12 =====
=== pnpm 11 ===
$ pnpm --version
11.22.0
$ pnpm add -g yarn
[ERROR] The configured global bin directory "/root/p11home/bin" is not in PATH
Run "pnpm setup" to update your shell configuration.
exit=1
$ ls $PNPM_HOME
bin
$ yarn --version
bash: line 7: /root/p11home/yarn: No such file or directory
exit=127
===== 04:17:00 Phase4-1b: diff3 retry with bin dir in PATH =====
=== pnpm 11 ===
$ pnpm add -g yarn
Progress: resolved 1, reused 0, downloaded 0, added 0
Packages: +1
+
Packages are copied from the content-addressable store to the virtual store.
  Content-addressable store is at: /root/p11home/store/v11
  Virtual store is at:             ../root/p11home/store/v11/links
Progress: resolved 1, reused 0, downloaded 1, added 1, done

global:
+ yarn 1.22.22

Done in 788ms using pnpm v11.22.0
exit=0
$ ls $PNPM_HOME/bin
yarn
yarnpkg
$ yarn --version
1.22.22
exit=0
$ cat $PNPM_HOME/global/*/package.json 2>/dev/null

=== pnpm 12 ===
$ pnpm --version
12.0.0-rc.5
$ pnpm add -g yarn
.../global/v11/3a3-18cc109dacf5d83a-0    | Progress: resolved 1, reused 0, downloaded 0, added 0
Packages are hard linked from the content-addressable store to the virtual store.
  Content-addressable store is at: /root/p12home/store/v11
  Virtual store is at:             ../root/p12home/global/v11/3a3-18cc109dacf5d83a-0/node_modules/.pnpm
.../global/v11/3a3-18cc109dacf5d83a-0    | Progress: resolved 1, reused 0, downloaded 1, added 1, done
Ignored build scripts: yarn@1.22.22.
Run "pnpm approve-builds" to pick which dependencies should be allowed to run scripts.

dependencies:
+ yarn 1.22.22

Done in 222ms using pnpm v12.0.0-rc.5
exit=0
$ ls $PNPM_HOME/bin
yarn
yarnpkg
$ yarn --version
1.22.22
exit=0
$ cat /root/p12home/global/*/package.json
