===== 2026-08-16 04:11:49 Phase1: host env =====
$ date
Sun Aug 16 04:11:49 JST 2026
$ sw_vers
ProductName:		macOS
ProductVersion:		26.5
BuildVersion:		25F71
$ docker --version
Docker version 28.5.1, build e180ab8
$ node --version (host)
v22.17.0
$ npm --version (host)
10.9.2
$ git --version (host)
git version 2.50.1 (Apple Git-155)
===== 04:12:43 Phase2: container env + pnpm11 install =====
$ docker run -d --name pnpm12lab -v "$PWD":/work -w /work node:24 sleep infinity
+ node --version
v24.18.0
+ npm --version
11.16.0
+ git --version
git version 2.39.5
+ uname -a
Linux cf263e6a3b35 6.10.14-linuxkit #1 SMP Tue Oct 14 07:32:13 UTC 2025 aarch64 GNU/Linux
$ npm i -g pnpm@11

added 1 package in 2s

1 package is looking for funding
  run `npm fund` for details
npm notice
npm notice New major version of npm available! 11.16.0 -> 12.0.2
npm notice Changelog: https://github.com/npm/cli/releases/tag/v12.0.2
npm notice To update run: npm install -g npm@12.0.2
npm notice
exit=0
11.22.0
which=/usr/local/bin/pnpm
===== 04:12:56 Phase3-1: pnpm 11 baseline install =====
pnpm=11.22.0
Scope: all 3 workspace projects
[WARN] There are cyclic workspace dependencies: /work/fixtures/pnpm12-five-diffs/packages/a, /work/fixtures/pnpm12-five-diffs/packages/b
Progress: resolved 1, reused 0, downloaded 0, added 0
Packages are hard linked from the content-addressable store to the virtual store.
  Content-addressable store is at: /work/.pnpm-store/v11
  Virtual store is at:             node_modules/.pnpm
Progress: resolved 2, reused 0, downloaded 1, added 0
Packages: +2
++
Progress: resolved 2, reused 0, downloaded 1, added 1
Progress: resolved 2, reused 0, downloaded 2, added 1
Progress: resolved 2, reused 0, downloaded 2, added 2
Progress: resolved 2, reused 0, downloaded 2, added 2, done

dependencies:
+ is-positive-https <- is-positive 3.1.0

devDependencies:
+ node 22.11.0

Done in 14.5s using pnpm v11.22.0

real	0m14.636s
user	0m2.672s
sys	0m9.611s
exit=0
===== 04:13:20 Phase3-1b: save lock-v11 =====
179 pnpm-lock.yaml
041735468d7af7cc2a1a032bcf05e7dd692b9977d0ca8038f34c14b3e8ed8665  pnpm-lock.yaml
--- grep is-positive ---
11:      is-positive-https:
12:        specifier: git+https://github.com/kevva/is-positive.git
13:        version: is-positive@https://codeload.github.com/kevva/is-positive/tar.gz/97edff6f525f192a3f83cea1944765f769ae2678
24:      is-positive-short:
25:        specifier: kevva/is-positive
26:        version: is-positive@https://codeload.github.com/kevva/is-positive/tar.gz/97edff6f525f192a3f83cea1944765f769ae2678
33:      is-positive-github:
34:        specifier: github:kevva/is-positive
35:        version: is-positive@https://codeload.github.com/kevva/is-positive/tar.gz/97edff6f525f192a3f83cea1944765f769ae2678
39:  is-positive@https://codeload.github.com/kevva/is-positive/tar.gz/97edff6f525f192a3f83cea1944765f769ae2678:
40:    resolution: {gitHosted: true, integrity: sha512-ImoN9vdC+9CSDxbHJIcYwImhox3/lvLNqKpX5dNXT9O5Vawb+c4wddQ6KXq8FsFMm4WuSc3nxaWG2Q3iBRcFdA==, tarball: https://codeload.github.com/kevva/is-positive/tar.gz/97edff6f525f192a3f83cea1944765f769ae2678}
177:  is-positive@https://codeload.github.com/kevva/is-positive/tar.gz/97edff6f525f192a3f83cea1944765f769ae2678: {}
--- node_modules top ---
node_modules:
is-positive-https
node

packages/a/node_modules:
@fixture
is-positive-short

packages/b/node_modules:
@fixture
is-positive-github
===== 04:13:28 Phase3-1c: pnpm11 --resolution-only / peers check =====
$ pnpm install --resolution-only
Scope: all 3 workspace projects
Already up to date
Done in 362ms using pnpm v11.22.0
exit=0

$ pnpm peers check
No peer dependency issues found
exit=0

$ pnpm peers check --help
Version 11.22.0
Usage: pnpm peers <command>

Commands for inspecting peer dependency relationships.

Commands:
      check                Checks for unmet or missing peer dependency issues by
                           reading the lockfile. Exits with a non-zero exit code
                           when issues are found.

Options:
      --[no-]color         Controls colors in the output. By default, output is
                           always colored when it goes directly to a terminal
      --aggregate-output   Aggregate output from child processes that are run in
                           parallel, and only print output when child process is
                           finished. It makes reading large logs after running
                           `pnpm recursive` with `--parallel` or with
                           `--workspace-concurrency` much easier (especially on
                           CI). Only `--reporter=append-only` is supported.
  -C, --dir <dir>          Change to directory <dir> (default:
                           /work/fixtures/pnpm12-five-diffs)
  -h, --help               Output usage information
      --json               Show information in JSON format
      --lockfile-only      Check the lockfile only, without reading
                           node_modules.
      --loglevel <level>   What level of logs to report. Any logs at or higher
                           than the given level will be shown. Levels (lowest to
                           highest): debug, info, warn, error. Or use "--silent"
                           to turn off all logging.
      --stream             Stream output from child processes immediately,
                           prefixed with the originating package directory. This
                           allows output from different packages to be
                           interleaved.
      --use-stderr         Divert all output to stderr
  -w, --workspace-root     Run the command on the root workspace project
  -y, --yes                Automatically answer yes to prompts and run
                           non-interactively. Will abort if an undesirable
                           situation occurs and user input is strictly
                           necessary.

Filtering options (run the command only on packages that satisfy at least one of the selectors):
      --changed-files-ignore-pattern <pattern>  Defines files to ignore when
                                                filtering for changed projects
                                                since the specified
                                                commit/branch. Usage example:
                                                pnpm
                                                --filter="...[origin/master]"
                                                --changed-files-ignore-
                                                pattern="**/README.md" build
      --fail-if-no-match                        If no projects are matched by
                                                the command, exit with exit code
                                                1 (fail)
      --filter !<selector>                      If a selector starts with ! (or
                                                \! in zsh), it means the
                                                packages matching the selector
                                                must be excluded. E.g., "pnpm
                                                --filter !foo" selects all
                                                packages except "foo"
      --filter .                                Includes all packages that are
                                                under the current working
                                                directory
      --filter ...^<pattern>                    Includes only the direct and
                                                indirect dependents of the
                                                matched packages without
                                                including the matched packages
                                                themselves. ^ must be doubled at
                                                the Windows Command Prompt.
                                                E.g.: ...^foo (...^^foo in
                                                Command Prompt)
      --filter ...<pattern>                     Includes all direct and indirect
                                                dependents of the matched
                                                packages. E.g.: ...foo,
                                                "...@bar/*"
      --filter ./<dir>                          Includes all packages that are
                                                inside a given subdirectory.
                                                E.g.: ./components
      --filter "[<since>]"                      Includes all packages changed
                                                since the specified
                                                commit/branch. E.g.: "[master]",
                                                "[HEAD~2]". It may be used
                                                together with "...". So, for
                                                instance, "...[HEAD~1]" selects
                                                all packages changed in the last
                                                commit and their dependents
      --filter {<dir>}                          Includes all projects that are
                                                under the specified directory.
                                                It may be used with "..." to
                                                select dependents/dependencies
                                                as well. It also may be combined
                                                with "[<since>]". For instance,
                                                all changed projects inside a
                                                directory:
                                                "{packages}[origin/master]"
  -F, --filter <pattern>                        Restricts the scope to package
                                                names matching the given
                                                pattern. E.g.: foo, "@bar/*"
      --filter <pattern>...                     Includes all direct and indirect
                                                dependencies of the matched
                                                packages. E.g.: foo...
      --filter <pattern>^...                    Includes only the direct and
                                                indirect dependencies of the
                                                matched packages without
                                                including the matched packages
                                                themselves. ^ must be doubled at
                                                the Windows Command Prompt.
                                                E.g.: foo^... (foo^^... in
                                                Command Prompt)
      --filter-prod <pattern>                   Restricts the scope to package
                                                names matching the given pattern
                                                similar to --filter, but it
                                                ignores devDependencies when
                                                searching for dependencies and
                                                dependents.
      --test-pattern <pattern>                  Defines files related to tests.
                                                Useful with the changed since
                                                filter. When selecting only
                                                changed packages and their
                                                dependent packages, the
                                                dependent packages will be
                                                ignored in case a package has
                                                changes only in tests. Usage
                                                example: pnpm
                                                --filter="...[origin/master]"
                                                --test-pattern="test/*" test

Visit https://pnpm.io/11.x/cli/peers for documentation about this command.
exit=0

$ pnpm peers --help
Version 11.22.0
Usage: pnpm peers <command>

Commands for inspecting peer dependency relationships.

Commands:
      check                Checks for unmet or missing peer dependency issues by
                           reading the lockfile. Exits with a non-zero exit code
                           when issues are found.

Options:
      --[no-]color         Controls colors in the output. By default, output is
                           always colored when it goes directly to a terminal
      --aggregate-output   Aggregate output from child processes that are run in
                           parallel, and only print output when child process is
                           finished. It makes reading large logs after running
                           `pnpm recursive` with `--parallel` or with
                           `--workspace-concurrency` much easier (especially on
                           CI). Only `--reporter=append-only` is supported.
  -C, --dir <dir>          Change to directory <dir> (default:
                           /work/fixtures/pnpm12-five-diffs)
  -h, --help               Output usage information
      --json               Show information in JSON format
      --lockfile-only      Check the lockfile only, without reading
                           node_modules.
      --loglevel <level>   What level of logs to report. Any logs at or higher
                           than the given level will be shown. Levels (lowest to
                           highest): debug, info, warn, error. Or use "--silent"
                           to turn off all logging.
      --stream             Stream output from child processes immediately,
                           prefixed with the originating package directory. This
                           allows output from different packages to be
                           interleaved.
      --use-stderr         Divert all output to stderr
  -w, --workspace-root     Run the command on the root workspace project
  -y, --yes                Automatically answer yes to prompts and run
                           non-interactively. Will abort if an undesirable
                           situation occurs and user input is strictly
                           necessary.

Filtering options (run the command only on packages that satisfy at least one of the selectors):
      --changed-files-ignore-pattern <pattern>  Defines files to ignore when
                                                filtering for changed projects
                                                since the specified
                                                commit/branch. Usage example:
                                                pnpm
                                                --filter="...[origin/master]"
                                                --changed-files-ignore-
                                                pattern="**/README.md" build
      --fail-if-no-match                        If no projects are matched by
                                                the command, exit with exit code
                                                1 (fail)
      --filter !<selector>                      If a selector starts with ! (or
                                                \! in zsh), it means the
                                                packages matching the selector
                                                must be excluded. E.g., "pnpm
                                                --filter !foo" selects all
                                                packages except "foo"
      --filter .                                Includes all packages that are
                                                under the current working
                                                directory
      --filter ...^<pattern>                    Includes only the direct and
                                                indirect dependents of the
                                                matched packages without
                                                including the matched packages
                                                themselves. ^ must be doubled at
                                                the Windows Command Prompt.
                                                E.g.: ...^foo (...^^foo in
                                                Command Prompt)
      --filter ...<pattern>                     Includes all direct and indirect
                                                dependents of the matched
                                                packages. E.g.: ...foo,
                                                "...@bar/*"
      --filter ./<dir>                          Includes all packages that are
                                                inside a given subdirectory.
                                                E.g.: ./components
      --filter "[<since>]"                      Includes all packages changed
                                                since the specified
                                                commit/branch. E.g.: "[master]",
                                                "[HEAD~2]". It may be used
                                                together with "...". So, for
                                                instance, "...[HEAD~1]" selects
                                                all packages changed in the last
                                                commit and their dependents
      --filter {<dir>}                          Includes all projects that are
                                                under the specified directory.
                                                It may be used with "..." to
                                                select dependents/dependencies
                                                as well. It also may be combined
                                                with "[<since>]". For instance,
                                                all changed projects inside a
                                                directory:
                                                "{packages}[origin/master]"
  -F, --filter <pattern>                        Restricts the scope to package
                                                names matching the given
                                                pattern. E.g.: foo, "@bar/*"
      --filter <pattern>...                     Includes all direct and indirect
                                                dependencies of the matched
                                                packages. E.g.: foo...
      --filter <pattern>^...                    Includes only the direct and
                                                indirect dependencies of the
                                                matched packages without
                                                including the matched packages
                                                themselves. ^ must be doubled at
                                                the Windows Command Prompt.
                                                E.g.: foo^... (foo^^... in
                                                Command Prompt)
      --filter-prod <pattern>                   Restricts the scope to package
                                                names matching the given pattern
                                                similar to --filter, but it
                                                ignores devDependencies when
                                                searching for dependencies and
                                                dependents.
      --test-pattern <pattern>                  Defines files related to tests.
                                                Useful with the changed since
                                                filter. When selecting only
                                                changed packages and their
                                                dependent packages, the
                                                dependent packages will be
                                                ignored in case a package has
                                                changes only in tests. Usage
                                                example: pnpm
                                                --filter="...[origin/master]"
                                                --test-pattern="test/*" test

Visit https://pnpm.io/11.x/cli/peers for documentation about this command.
exit=0

$ pnpm install --help | grep -i resolution
                                             Resolution still runs against the
      --resolution-only                      Re-runs resolution: useful for
exit=0
===== 04:14:02 Phase3-6a: pnpm11 lockfile determinism (reorder) =====
### run1 (original order) hash
041735468d7af7cc2a1a032bcf05e7dd692b9977d0ca8038f34c14b3e8ed8665  pnpm-lock.yaml
### reorder deps and clean reinstall
Scope: all 3 workspace projects
[WARN] There are cyclic workspace dependencies: /work/fixtures/pnpm12-five-diffs/packages/a, /work/fixtures/pnpm12-five-diffs/packages/b
Progress: resolved 1, reused 0, downloaded 0, added 0
Progress: resolved 1, reused 1, downloaded 0, added 0
Packages: +2
++
Packages are hard linked from the content-addressable store to the virtual store.
  Content-addressable store is at: /work/.pnpm-store/v11
  Virtual store is at:             node_modules/.pnpm
Progress: resolved 2, reused 2, downloaded 0, added 1, done

dependencies:
+ is-positive-https <- is-positive 3.1.0

devDependencies:
+ node 22.11.0

Done in 1.7s using pnpm v11.22.0
exit=0
### run2 (reordered) hash
1aa7d0aa01bf59c710785c8b6ef2094fc63e362667e15eb3d57b5315cff6e20d  pnpm-lock.yaml
### diff order1 vs order2
40c40
<     resolution: {gitHosted: true, integrity: sha512-ImoN9vdC+9CSDxbHJIcYwImhox3/lvLNqKpX5dNXT9O5Vawb+c4wddQ6KXq8FsFMm4WuSc3nxaWG2Q3iBRcFdA==, tarball: https://codeload.github.com/kevva/is-positive/tar.gz/97edff6f525f192a3f83cea1944765f769ae2678}
---
>     resolution: {gitHosted: true, tarball: https://codeload.github.com/kevva/is-positive/tar.gz/97edff6f525f192a3f83cea1944765f769ae2678}
diff-exit=1
### restore original order
===== 04:14:16 Phase3-6a2: pnpm11 warm-store rerun (original order) =====

devDependencies:
+ node 22.11.0

Done in 1.1s using pnpm v11.22.0
exit=0
### run1b (original order, warm store) hash
1aa7d0aa01bf59c710785c8b6ef2094fc63e362667e15eb3d57b5315cff6e20d  pnpm-lock.yaml
### diff order1-warm vs order2
diff-exit=0
===== 04:14:33 Phase3-2a: corepack trap check (issue #13018) =====
0.35.0
corepack-version-exit=0
$ corepack use pnpm@next-12
Installing pnpm@12.0.0-rc.6 in the project...

Downloading the pnpm 12.0.0-rc.6 binary for linux-arm64...
Already up to date
Done in 2.5s using pnpm v12.0.0-rc.6
exit=0
===== 04:14:46 Phase3-2b: install pnpm 12 RC via self-update next-12 =====
$ pnpm --version (before)
11.22.0
$ pnpm self-update next-12
Checking for updates...
Switching pnpm from v11.22.0 to v12.0.0-rc.5...
.../v11/18a-1a006d91f2c-ecb17c7a7a778626 | Progress: resolved 1, reused 0, downloaded 0, added 0
.../v11/18a-1a006d91f2c-ecb17c7a7a778626 |   +2 +
.../v11/18a-1a006d91f2c-ecb17c7a7a778626 | Progress: resolved 2, reused 0, downloaded 2, added 2, done
Successfully updated pnpm to v12.0.0-rc.5
exit=0
$ hash -r; pnpm --version (after)
11.22.0
exit=0
$ which -a pnpm
/usr/local/bin/pnpm
===== 04:14:58 Phase3-2c: where did self-update put pnpm 12? =====
PNPM_HOME=
PATH=/usr/local/sbin:/usr/local/bin:/usr/sbin:/usr/bin:/sbin:/bin
$ ls -la /root/.local/share/pnpm
total 24
drwxr-xr-x 5 root root 4096 Aug 15 19:14 .
drwxr-xr-x 3 root root 4096 Aug 15 19:12 ..
drwxr-xr-x 2 root root 4096 Aug 15 19:14 bin
drwxr-xr-x 3 root root 4096 Aug 15 19:14 global
-rw-r--r-- 1 root root 2920 Aug 15 19:14 pnpm-lock.yaml
drwxr-xr-x 3 root root 4096 Aug 15 19:14 store
$ find / -name pnpm -type f -newermt "-10 minutes" 2>/dev/null
/usr/local/bin/pnpm
/usr/local/lib/node_modules/pnpm
/root/.cache/node/corepack/v1/pnpm
/root/.cache/pnpm
/root/.local/state/pnpm
/root/.local/state/pnpm/pnpm-state.json
/root/.local/share/pnpm
/root/.local/share/pnpm/bin/pnpm
/root/.local/share/pnpm/pnpm-lock.yaml
/tmp/ctest/pnpm-lock.yaml
===== 04:15:04 Phase3-2d: fix PATH for pnpm 12 =====
$ /root/.local/share/pnpm/bin/pnpm --version
12.0.0-rc.5
exit=0
$ ls -la /root/.local/share/pnpm/bin
total 24
drwxr-xr-x 2 root root 4096 Aug 15 19:14 .
drwxr-xr-x 5 root root 4096 Aug 15 19:15 ..
-rwxr-xr-x 1 root root 1761 Aug 15 19:14 pn
-rwxr-xr-x 1 root root 1112 Aug 15 19:14 pnpm
-rwxr-xr-x 1 root root 1773 Aug 15 19:14 pnpx
-rwxr-xr-x 1 root root 1767 Aug 15 19:14 pnx
$ file /root/.local/share/pnpm/bin/pnpm
-rwxr-xr-x 1 root root 1112 Aug 15 19:14 /root/.local/share/pnpm/bin/pnpm
0000000   #   !   /   b   i   n   /   s   h  \n   #       R   e   s   o
0000020   l   v   e       $   0       t   h   r   o   u   g   h       s
===== 04:15:16 Phase3-3: diff5 --resolution-only removed (pnpm 12) =====
pnpm=12.0.0-rc.5
$ pnpm install --resolution-only
error: unexpected argument '--resolution-only' found

Usage: pnpm install [OPTIONS]

For more information, try '--help'.
exit=2

$ pnpm peers check
No peer dependency issues found
exit=0

$ pnpm install --help | grep -i -n resolution
102:          URL of a pnpr server to offload resolution and file fetching to. `node_modules` is still linked locally from the server-produced lockfile
grep-exit=0

$ pnpm peers check --help
Checks for unmet or missing peer dependency issues

Usage: pnpm peers [OPTIONS] [PARAMS]...

Arguments:
  [PARAMS]...
          Subcommand and arguments. The only subcommand is `check`, which is also what a bare `pnpm peers` runs

Options:
      --json
          

      --lockfile-only
          

      --color
          Force colored output

  -y, --yes
          Automatically answer yes to prompts

  -C, --dir <DIR>
          Set working directory. Accepted anywhere on the command line, before or after the subcommand, like every other rc-option
          
          [default: .]

      --store-dir <DIR>
          Directory in which the package store is created. Relative paths are resolved from the workspace root, or from `--dir` outside a workspace

      --npmrc-auth-file <NPMRC_AUTH_FILE>
exit=0
===== 04:15:28 Phase3-4: diff4a lockfile v11 vs v12 =====
$ time pnpm install   (pnpm 12.0.0-rc.5, clean)
Scope: all 3 workspace projects
Progress: resolved 1, reused 0, downloaded 0, added 0
Packages are hard linked from the content-addressable store to the virtual store.
  Content-addressable store is at: /work/.pnpm-store/v11
  Virtual store is at:             node_modules/.pnpm
Progress: resolved 2, reused 2, downloaded 0, added 2
Packages: +2
++
Progress: resolved 2, reused 2, downloaded 0, added 2, done

dependencies:
+ is-positive-https <- is-positive 3.1.0

devDependencies:
+ node 22.11.0

Done in 4.7s using pnpm v12.0.0-rc.5

real	0m4.756s
user	0m0.194s
sys	0m0.699s
exit=0

$ wc -l / sha256sum
179 pnpm-lock.yaml
041735468d7af7cc2a1a032bcf05e7dd692b9977d0ca8038f34c14b3e8ed8665  pnpm-lock.yaml

$ diff lock-v11.yaml lock-v12.yaml | wc -l
0

$ diff -u lock-v11.yaml lock-v12.yaml
diff-exit=0
===== 04:15:46 Phase3-5: diff2 Git dep normalization =====
### grep -n is-positive lock-v11.yaml
11:      is-positive-https:
12:        specifier: git+https://github.com/kevva/is-positive.git
13:        version: is-positive@https://codeload.github.com/kevva/is-positive/tar.gz/97edff6f525f192a3f83cea1944765f769ae2678
24:      is-positive-short:
25:        specifier: kevva/is-positive
26:        version: is-positive@https://codeload.github.com/kevva/is-positive/tar.gz/97edff6f525f192a3f83cea1944765f769ae2678
33:      is-positive-github:
34:        specifier: github:kevva/is-positive
35:        version: is-positive@https://codeload.github.com/kevva/is-positive/tar.gz/97edff6f525f192a3f83cea1944765f769ae2678
39:  is-positive@https://codeload.github.com/kevva/is-positive/tar.gz/97edff6f525f192a3f83cea1944765f769ae2678:
40:    resolution: {gitHosted: true, integrity: sha512-ImoN9vdC+9CSDxbHJIcYwImhox3/lvLNqKpX5dNXT9O5Vawb+c4wddQ6KXq8FsFMm4WuSc3nxaWG2Q3iBRcFdA==, tarball: https://codeload.github.com/kevva/is-positive/tar.gz/97edff6f525f192a3f83cea1944765f769ae2678}
177:  is-positive@https://codeload.github.com/kevva/is-positive/tar.gz/97edff6f525f192a3f83cea1944765f769ae2678: {}

### grep -n is-positive lock-v12.yaml
11:      is-positive-https:
12:        specifier: git+https://github.com/kevva/is-positive.git
13:        version: is-positive@https://codeload.github.com/kevva/is-positive/tar.gz/97edff6f525f192a3f83cea1944765f769ae2678
24:      is-positive-short:
25:        specifier: kevva/is-positive
26:        version: is-positive@https://codeload.github.com/kevva/is-positive/tar.gz/97edff6f525f192a3f83cea1944765f769ae2678
33:      is-positive-github:
34:        specifier: github:kevva/is-positive
35:        version: is-positive@https://codeload.github.com/kevva/is-positive/tar.gz/97edff6f525f192a3f83cea1944765f769ae2678
39:  is-positive@https://codeload.github.com/kevva/is-positive/tar.gz/97edff6f525f192a3f83cea1944765f769ae2678:
40:    resolution: {gitHosted: true, integrity: sha512-ImoN9vdC+9CSDxbHJIcYwImhox3/lvLNqKpX5dNXT9O5Vawb+c4wddQ6KXq8FsFMm4WuSc3nxaWG2Q3iBRcFdA==, tarball: https://codeload.github.com/kevva/is-positive/tar.gz/97edff6f525f192a3f83cea1944765f769ae2678}
177:  is-positive@https://codeload.github.com/kevva/is-positive/tar.gz/97edff6f525f192a3f83cea1944765f769ae2678: {}

### grep -c ssh / git@ in both
/work/logs/pnpm12/lock-v11.yaml:0
/work/logs/pnpm12/lock-v12.yaml:0
/work/logs/pnpm12/lock-v11.yaml:0
/work/logs/pnpm12/lock-v12.yaml:0

### unique resolved versions (v12)
is-positive@https://codeload.github.com/kevva/is-positive/tar.gz/97edff6f525f192a3f83cea1944765f769ae2678
===== 04:16:05 Phase3-5b: diff2 git+ssh:// probe (no SSH key present) =====
### ssh key present?
ls: cannot access '/root/.ssh': No such file or directory

=== pnpm 11 (/usr/local/bin/pnpm 11.22.0) ===
Progress: resolved 0, reused 1, downloaded 0, added 0
Packages: +1
+
Packages are hard linked from the content-addressable store to the virtual store.
  Content-addressable store is at: /work/.pnpm-store/v11
  Virtual store is at:             node_modules/.pnpm
Progress: resolved 1, reused 1, downloaded 0, added 1, done

dependencies:
+ is-positive-ssh <- is-positive 3.1.0

Done in 1.9s using pnpm v11.22.0
exit=0
--- lock (v11) ---
11:      is-positive-ssh:
12:        specifier: git+ssh://git@github.com/kevva/is-positive.git
13:        version: is-positive@https://codeload.github.com/kevva/is-positive/tar.gz/97edff6f525f192a3f83cea1944765f769ae2678
17:  is-positive@https://codeload.github.com/kevva/is-positive/tar.gz/97edff6f525f192a3f83cea1944765f769ae2678:
18:    resolution: {gitHosted: true, tarball: https://codeload.github.com/kevva/is-positive/tar.gz/97edff6f525f192a3f83cea1944765f769ae2678}
24:  is-positive@https://codeload.github.com/kevva/is-positive/tar.gz/97edff6f525f192a3f83cea1944765f769ae2678: {}

=== pnpm 12 (12.0.0-rc.5) ===
Progress: resolved 1, reused 0, downloaded 0, added 0
Packages are hard linked from the content-addressable store to the virtual store.
  Content-addressable store is at: /work/.pnpm-store/v11
  Virtual store is at:             node_modules/.pnpm
Packages: +1
+
Progress: resolved 1, reused 1, downloaded 0, added 1, done

dependencies:
+ is-positive-ssh <- is-positive 3.1.0

Done in 1.4s using pnpm v12.0.0-rc.5
exit=0
--- lock (v12) ---
11:      is-positive-ssh:
12:        specifier: git+ssh://git@github.com/kevva/is-positive.git
13:        version: is-positive@https://codeload.github.com/kevva/is-positive/tar.gz/97edff6f525f192a3f83cea1944765f769ae2678
17:  is-positive@https://codeload.github.com/kevva/is-positive/tar.gz/97edff6f525f192a3f83cea1944765f769ae2678:
18:    resolution: {gitHosted: true, integrity: sha512-ImoN9vdC+9CSDxbHJIcYwImhox3/lvLNqKpX5dNXT9O5Vawb+c4wddQ6KXq8FsFMm4WuSc3nxaWG2Q3iBRcFdA==, tarball: https://codeload.github.com/kevva/is-positive/tar.gz/97edff6f525f192a3f83cea1944765f769ae2678}
24:  is-positive@https://codeload.github.com/kevva/is-positive/tar.gz/97edff6f525f192a3f83cea1944765f769ae2678: {}
===== 04:16:24 Phase3-6b: diff4b pnpm12 lockfile determinism (reorder) =====
pnpm=12.0.0-rc.5
### run1 (original order) hash
041735468d7af7cc2a1a032bcf05e7dd692b9977d0ca8038f34c14b3e8ed8665  pnpm-lock.yaml
### reorder deps + clean reinstall
devDependencies:
+ node 22.11.0

Done in 4.5s using pnpm v12.0.0-rc.5
exit=0
### run2 (reordered) hash
041735468d7af7cc2a1a032bcf05e7dd692b9977d0ca8038f34c14b3e8ed8665  pnpm-lock.yaml
### diff v12 order1 vs order2
diff-exit=0
### restore original order + reinstall

Done in 6.6s using pnpm v12.0.0-rc.5
### run3 (back to original order) hash
041735468d7af7cc2a1a032bcf05e7dd692b9977d0ca8038f34c14b3e8ed8665  pnpm-lock.yaml
===== 04:16:50 Phase4-1: diff3 'pnpm add -g yarn' on 11 vs 12 =====
=== pnpm 11 ===
$ pnpm --version
11.22.0
$ pnpm add -g yarn
[ERROR] The configured global bin directory "/root/p11home/bin" is not in PATH
Run "pnpm setup" to update your shell configuration.
exit=1
$ ls $PNPM_HOME
bin
$ yarn --version
bash: line 7: /root/p11home/yarn: No such file or directory
exit=127
===== 04:17:00 Phase4-1b: diff3 retry with bin dir in PATH =====
=== pnpm 11 ===
$ pnpm add -g yarn
Progress: resolved 1, reused 0, downloaded 0, added 0
Packages: +1
+
Packages are copied from the content-addressable store to the virtual store.
  Content-addressable store is at: /root/p11home/store/v11
  Virtual store is at:             ../root/p11home/store/v11/links
Progress: resolved 1, reused 0, downloaded 1, added 1, done

global:
+ yarn 1.22.22

Done in 788ms using pnpm v11.22.0
exit=0
$ ls $PNPM_HOME/bin
yarn
yarnpkg
$ yarn --version
1.22.22
exit=0
$ cat $PNPM_HOME/global/*/package.json 2>/dev/null

=== pnpm 12 ===
$ pnpm --version
12.0.0-rc.5
$ pnpm add -g yarn
.../global/v11/3a3-18cc109dacf5d83a-0    | Progress: resolved 1, reused 0, downloaded 0, added 0
Packages are hard linked from the content-addressable store to the virtual store.
  Content-addressable store is at: /root/p12home/store/v11
  Virtual store is at:             ../root/p12home/global/v11/3a3-18cc109dacf5d83a-0/node_modules/.pnpm
.../global/v11/3a3-18cc109dacf5d83a-0    | Progress: resolved 1, reused 0, downloaded 1, added 1, done
Ignored build scripts: yarn@1.22.22.
Run "pnpm approve-builds" to pick which dependencies should be allowed to run scripts.

dependencies:
+ yarn 1.22.22

Done in 222ms using pnpm v12.0.0-rc.5
exit=0
$ ls $PNPM_HOME/bin
yarn
yarnpkg
$ yarn --version
1.22.22
exit=0
$ cat /root/p12home/global/*/package.json
===== 04:17:14 Phase4-1c: diff3 shim / pnx / local 'pnpm add yarn' =====
$ pnpm shim --help (v12)
Error: ERR_PNPM_RECURSIVE_EXEC_FIRST_FAIL

  × Command "shim" not found

exit=0

$ pnpm --help | grep -i -E "shim|pnx" (v12)
grep-exit=1

$ ls /root/.local/share/pnpm/bin (v12 shims shipped)
pn
pnpm
pnpx
pnx

$ pnx --help | head -20
Version 11.22.0
Usage: pnpm dlx <command> [args...]

Run a package in a temporary environment.

Options:
      --allow-build        A list of package names that are allowed to run
                           postinstall scripts during installation
      --package            The package to install before running the command
  -c, --shell-mode         Runs the script inside of a shell. Uses /bin/sh on
                           UNIX and \cmd.exe on Windows.

Output:
      --reporter append-only       The output is always appended to the end. No
                                   cursor manipulations are performed
      --reporter default           The default reporter when the stdout is TTY
      --reporter ndjson            The most verbose reporter. Prints all logs in
                                   ndjson format
  -s, --silent, --reporter silent  No output is logged to the console, not even
                                   fatal errors
exit=0

=== local: pnpm add yarn (v12) ===
--- package.json before ---
{"name":"yarnlocal","version":"1.0.0","private":true}
Progress: resolved 1, reused 0, downloaded 0, added 0
Packages are hard linked from the content-addressable store to the virtual store.
  Content-addressable store is at: /root/.local/share/pnpm/store/v11
  Virtual store is at:             node_modules/.pnpm
Packages: +1
+
Progress: resolved 1, reused 0, downloaded 1, added 1, done

dependencies:
+ yarn 1.22.22

Error: ERR_PNPM_IGNORED_BUILDS

  × adding a new package
  ╰─▶ Ignored build scripts: yarn@1.22.22
  help: Run "pnpm approve-builds" to pick which dependencies should be allowed
        to run scripts.

exit=1
--- package.json after ---
{"name":"yarnlocal","version":"1.0.0","private":true}

=== local: pnpm add yarn (v11) ===
Progress: resolved 1, reused 1, downloaded 0, added 1, done

dependencies:
+ yarn 1.22.22

[ERR_PNPM_IGNORED_BUILDS] Ignored build scripts: yarn@1.22.22

Run "pnpm approve-builds" to pick which dependencies should be allowed to run scripts.
exit=1
--- package.json after ---
{"name":"yarnlocal11","version":"1.0.0","private":true,"dependencies":{"yarn":"^1.22.22"}}
===== 04:17:31 Phase4-1d: diff3 clean retest (allow build) + pnx with v12 first on PATH =====
=== pnx with pnpm12 bin first on PATH ===
$ pnpm --version -> 12.0.0-rc.5
$ pnx --help | head -8
Run a package in a temporary environment

Usage: pnpm dlx [OPTIONS] [COMMAND]...

Arguments:
  [COMMAND]...
          The command to run, followed by its arguments


=== local add yarn, builds allowed (v12) ===
.../.pnpm/yarn@1.22.22/node_modules/yarn preinstall: Done

dependencies:
+ yarn 1.22.22

Done in 73ms using pnpm v12.0.0-rc.5
exit=0
--- package.json after (v12) ---
{"name":"yl12","version":"1.0.0","private":true,"dependencies":{"yarn":"^1.22.22"}}

=== local add yarn, builds allowed (v11) ===
.../.pnpm/yarn@1.22.22/node_modules/yarn preinstall: Done

dependencies:
+ yarn 1.22.22

Done in 519ms using pnpm v11.22.0
exit=0
--- package.json after (v11) ---
{"name":"yl11","version":"1.0.0","private":true,"dependencies":{"yarn":"^1.22.22"}}
===== 04:17:48 Phase4-2: diff1 project-aware global bins (devEngines.runtime) =====
### fixture devEngines.runtime
{
  "name": "pnpm12-five-diffs",
  "version": "1.0.0",
  "private": true,
  "devEngines": {
    "runtime": {
      "name": "node",
      "version": "22.11.0",
      "onFail": "download"
    }
  },
  "dependencies": {
    "is-positive-https": "git+https://github.com/kevva/is-positive.git"
  },
  "devDependencies": {}
}

=== 1) plain node on PATH ===
in fixture : /usr/local/bin/node -> v24.18.0
outside    : /usr/local/bin/node -> v24.18.0

=== 2) config: globalShims ===
$ pnpm config list (v12)
{
  "userAgent": "pnpm/12.0.0-rc.5 npm/? node/? linux arm64"
}
exit=0
$ pnpm config get globalShims (v12)
undefined
exit=0
$ pnpm config get global-shims (v12)
undefined
exit=0

=== 3) pnpm add -g node (v12) then compare ===

dependencies:
+ node 26.7.0

Done in 311ms using pnpm v12.0.0-rc.5
exit=0
yarn
yarnpkg
in fixture : bash: line 15: /root/p12home/bin/node: No such file or directory
outside    : bash: line 16: /root/p12home/bin/node: No such file or directory

=== 4) node in fixture node_modules/.bin ===
node
v22.11.0
===== 04:18:03 Phase4-2b: diff1 follow-up (where did 'pnpm add -g node' put node?) =====
$ find /root/p12home -maxdepth 4 -name "node*"
/root/p12home/global/v11/3a3-18cc109dacf5d83a-0/node_modules
/root/p12home/global/v11/556-18cc10a8ae0472d0-0/node_modules
$ ls -la /root/p12home /root/p12home/bin
/root/p12home:
total 20
drwxr-xr-x 5 root root 4096 Aug 15 19:17 .
drwx------ 1 root root 4096 Aug 15 19:17 ..
drwxr-xr-x 2 root root 4096 Aug 15 19:17 bin
drwxr-xr-x 3 root root 4096 Aug 15 19:17 global
drwxr-xr-x 3 root root 4096 Aug 15 19:17 store

/root/p12home/bin:
total 16
drwxr-xr-x 2 root root 4096 Aug 15 19:17 .
drwxr-xr-x 5 root root 4096 Aug 15 19:17 ..
-rwxr-xr-x 1 root root 1972 Aug 15 19:17 yarn
-rwxr-xr-x 1 root root 1972 Aug 15 19:17 yarnpkg
$ pnpm ls -g (v12)
Legend: production dependency, optional only, dev only

/root/p12home/global/v11 (PRIVATE)
│
│   dependencies:
├── node@26.7.0
└── yarn@1.22.22

=== pnpm 11: add -g node ===

global:
+ node 26.7.0

Done in 690ms using pnpm v11.22.0
exit=0
total 16
drwxr-xr-x 2 root root 4096 Aug 15 19:18 .
drwxr-xr-x 5 root root 4096 Aug 15 19:18 ..
-rwxr-xr-x 1 root root 1970 Aug 15 19:17 yarn
-rwxr-xr-x 1 root root 1970 Aug 15 19:17 yarnpkg
node via p11home: bash: line 12: /root/p11home/bin/node: No such file or directory
in fixture (p11home first): v24.18.0
outside    (p11home first): v24.18.0
